// Jest Snapshot v1, https://goo.gl/fbAQLP

exports[`Testing GifGridItem Debe mostrar el componente correctamente 1`] = `
<div
  className="card animate__animated animate__fadeIn"
>
  <img
    alt="New title"
    src="https://google.com"
  />
  <p>
    New title
  </p>
</div>
`;
