// Jest Snapshot v1, https://goo.gl/fbAQLP

exports[`Pruebas del componente <GifGrid /> Deberia hacer match con el snapshot 1`] = `
<Fragment>
  <h3>
    Hunter x Hunter
  </h3>
  <p
    className="animate__flash"
  >
    Loading
  </p>
  <div
    className="card-grid"
  />
</Fragment>
`;
